F:\Tender-Management-System\tendermanagement\src\com\hit\dao\VendorDao.java
F:\Tender-Management-System\tendermanagement\src\com\hit\dao\NoticeDaoImpl.java
F:\Tender-Management-System\tendermanagement\src\com\hit\srv\AcceptBidSrv.java
F:\Tender-Management-System\tendermanagement\src\com\hit\srv\ChangePasswordSrv.java
F:\Tender-Management-System\tendermanagement\src\com\hit\srv\UpdateProfileSrv.java
F:\Tender-Management-System\tendermanagement\src\com\hit\dao\BidderDao.java
F:\Tender-Management-System\tendermanagement\src\com\hit\srv\UpdateNoticeSrv.java
F:\Tender-Management-System\tendermanagement\src\com\hit\utility\IDUtil.java
F:\Tender-Management-System\tendermanagement\src\com\hit\beans\VendorBean.java
F:\Tender-Management-System\tendermanagement\src\com\hit\dao\BidderDaoImpl.java
F:\Tender-Management-System\tendermanagement\src\com\hit\beans\TenderBean.java
F:\Tender-Management-System\tendermanagement\src\com\hit\srv\CreateTenderSrv.java
F:\Tender-Management-System\tendermanagement\src\com\hit\srv\LogoutSrv.java
F:\Tender-Management-System\tendermanagement\src\com\hit\srv\LoginSrv.java
F:\Tender-Management-System\tendermanagement\src\com\hit\srv\RegisterSrv.java
F:\Tender-Management-System\tendermanagement\src\com\hit\srv\BidTenderSrv.java
F:\Tender-Management-System\tendermanagement\src\com\hit\beans\TenderStatusBean.java
F:\Tender-Management-System\tendermanagement\src\com\hit\dao\TenderDao.java
F:\Tender-Management-System\tendermanagement\src\com\hit\utility\DBUtil.java
F:\Tender-Management-System\tendermanagement\src\com\hit\beans\NoticeBean.java
F:\Tender-Management-System\tendermanagement\src\com\hit\dao\NoticeDao.java
F:\Tender-Management-System\tendermanagement\src\com\hit\beans\BidderBean.java
F:\Tender-Management-System\tendermanagement\src\com\hit\srv\RemoveNoticeSrv.java
F:\Tender-Management-System\tendermanagement\src\com\hit\dao\VendorDaoImpl.java
F:\Tender-Management-System\tendermanagement\src\com\hit\dao\TenderDaoImpl.java
F:\Tender-Management-System\tendermanagement\src\com\hit\srv\AddNoticeSrv.java
F:\Tender-Management-System\tendermanagement\src\com\hit\srv\RejectBidSrv.java
